// Jest Snapshot v1, https://goo.gl/fbAQLP

exports[`UploadImage deve renderizar corretamente 1`] = `
<View
  style={
    {
      "alignItems": "center",
      "alignSelf": "center",
      "backgroundColor": "#EFEFF0",
      "borderColor": "#AFB1B6",
      "borderRadius": 25,
      "borderWidth": 1,
      "display": "flex",
      "height": 170,
      "marginBottom": 38,
      "position": "relative",
      "width": 170,
    }
  }
>
  <Text
    allowFontScaling={false}
    selectable={false}
    style={
      [
        {
          "color": undefined,
          "fontSize": 20,
        },
        {
          "alignSelf": "center",
          "bottom": "44%",
          "margin": "auto",
          "opacity": 0.4,
          "position": "absolute",
          "right": "44%",
          "zIndex": 1,
        },
        {
          "fontFamily": "material-community",
          "fontStyle": "normal",
          "fontWeight": "normal",
        },
        {},
      ]
    }
  >
    ó°¥¶
  </Text>
  <View
    accessibilityState={
      {
        "busy": undefined,
        "checked": undefined,
        "disabled": undefined,
        "expanded": undefined,
        "selected": undefined,
      }
    }
    accessibilityValue={
      {
        "max": undefined,
        "min": undefined,
        "now": undefined,
        "text": undefined,
      }
    }
    accessible={true}
    collapsable={false}
    focusable={true}
    onBlur={[Function]}
    onClick={[Function]}
    onFocus={[Function]}
    onResponderGrant={[Function]}
    onResponderMove={[Function]}
    onResponderRelease={[Function]}
    onResponderTerminate={[Function]}
    onResponderTerminationRequest={[Function]}
    onStartShouldSetResponder={[Function]}
    style={
      {
        "backgroundColor": "transparent",
        "height": 174,
        "width": 167,
        "zIndex": 3,
      }
    }
    testID="upload-image-botao"
  />
</View>
`;
